Analysis & Synthesis report for NN_Acceleration
Thu Nov 13 05:56:37 2025
Quartus Prime Version 19.1.0 Build 670 09/22/2019 SJ Lite Edition


---------------------
; Table of Contents ;
---------------------
  1. Legal Notice
  2. Analysis & Synthesis Summary
  3. Analysis & Synthesis Settings
  4. Parallel Compilation
  5. Analysis & Synthesis Source Files Read
  6. Analysis & Synthesis Resource Usage Summary
  7. Analysis & Synthesis Resource Utilization by Entity
  8. Analysis & Synthesis DSP Block Usage Summary
  9. General Register Statistics
 10. Multiplexer Restructuring Statistics (Restructuring Performed)
 11. Parameter Settings for User Entity Instance: Top-level Entity: |matrixMultiplierSmall
 12. Parameter Settings for User Entity Instance: dataOrchestrator:dataOrch
 13. Parameter Settings for User Entity Instance: systolicArray:systolicArr
 14. Parameter Settings for User Entity Instance: systolicArray:systolicArr|multiplierBlock:row_loop[0].col_loop[0].mb
 15. Parameter Settings for User Entity Instance: systolicArray:systolicArr|multiplierBlock:row_loop[0].col_loop[1].mb
 16. Parameter Settings for User Entity Instance: systolicArray:systolicArr|multiplierBlock:row_loop[0].col_loop[2].mb
 17. Parameter Settings for User Entity Instance: systolicArray:systolicArr|multiplierBlock:row_loop[1].col_loop[0].mb
 18. Parameter Settings for User Entity Instance: systolicArray:systolicArr|multiplierBlock:row_loop[1].col_loop[1].mb
 19. Parameter Settings for User Entity Instance: systolicArray:systolicArr|multiplierBlock:row_loop[1].col_loop[2].mb
 20. Parameter Settings for User Entity Instance: systolicArray:systolicArr|multiplierBlock:row_loop[2].col_loop[0].mb
 21. Parameter Settings for User Entity Instance: systolicArray:systolicArr|multiplierBlock:row_loop[2].col_loop[1].mb
 22. Parameter Settings for User Entity Instance: systolicArray:systolicArr|multiplierBlock:row_loop[2].col_loop[2].mb
 23. Port Connectivity Checks: "systolicArray:systolicArr|multiplierBlock:row_loop[2].col_loop[2].mb"
 24. Port Connectivity Checks: "systolicArray:systolicArr|multiplierBlock:row_loop[2].col_loop[1].mb"
 25. Port Connectivity Checks: "systolicArray:systolicArr|multiplierBlock:row_loop[2].col_loop[0].mb"
 26. Port Connectivity Checks: "systolicArray:systolicArr|multiplierBlock:row_loop[1].col_loop[2].mb"
 27. Port Connectivity Checks: "systolicArray:systolicArr|multiplierBlock:row_loop[1].col_loop[1].mb"
 28. Port Connectivity Checks: "systolicArray:systolicArr|multiplierBlock:row_loop[1].col_loop[0].mb"
 29. Port Connectivity Checks: "systolicArray:systolicArr|multiplierBlock:row_loop[0].col_loop[2].mb"
 30. Port Connectivity Checks: "systolicArray:systolicArr|multiplierBlock:row_loop[0].col_loop[1].mb"
 31. Port Connectivity Checks: "systolicArray:systolicArr|multiplierBlock:row_loop[0].col_loop[0].mb"
 32. Post-Synthesis Netlist Statistics for Top Partition
 33. Elapsed Time Per Partition
 34. Analysis & Synthesis Messages



----------------
; Legal Notice ;
----------------
Copyright (C) 2019  Intel Corporation. All rights reserved.
Your use of Intel Corporation's design tools, logic functions 
and other software and tools, and any partner logic 
functions, and any output files from any of the foregoing 
(including device programming or simulation files), and any 
associated documentation or information are expressly subject 
to the terms and conditions of the Intel Program License 
Subscription Agreement, the Intel Quartus Prime License Agreement,
the Intel FPGA IP License Agreement, or other applicable license
agreement, including, without limitation, that your use is for
the sole purpose of programming logic devices manufactured by
Intel and sold by Intel or its authorized distributors.  Please
refer to the applicable agreement for further details, at
https://fpgasoftware.intel.com/eula.



+-------------------------------------------------------------------------------+
; Analysis & Synthesis Summary                                                  ;
+---------------------------------+---------------------------------------------+
; Analysis & Synthesis Status     ; Successful - Thu Nov 13 05:56:37 2025       ;
; Quartus Prime Version           ; 19.1.0 Build 670 09/22/2019 SJ Lite Edition ;
; Revision Name                   ; NN_Acceleration                             ;
; Top-level Entity Name           ; matrixMultiplierSmall                       ;
; Family                          ; Cyclone V                                   ;
; Logic utilization (in ALMs)     ; N/A                                         ;
; Total registers                 ; 400                                         ;
; Total pins                      ; 218                                         ;
; Total virtual pins              ; 0                                           ;
; Total block memory bits         ; 0                                           ;
; Total DSP Blocks                ; 9                                           ;
; Total HSSI RX PCSs              ; 0                                           ;
; Total HSSI PMA RX Deserializers ; 0                                           ;
; Total HSSI TX PCSs              ; 0                                           ;
; Total HSSI PMA TX Serializers   ; 0                                           ;
; Total PLLs                      ; 0                                           ;
; Total DLLs                      ; 0                                           ;
+---------------------------------+---------------------------------------------+


+------------------------------------------------------------------------------------------------------------------------------+
; Analysis & Synthesis Settings                                                                                                ;
+---------------------------------------------------------------------------------+-----------------------+--------------------+
; Option                                                                          ; Setting               ; Default Value      ;
+---------------------------------------------------------------------------------+-----------------------+--------------------+
; Device                                                                          ; 5CGXFC7C7F23C8        ;                    ;
; Top-level entity name                                                           ; matrixMultiplierSmall ; NN_Acceleration    ;
; Family name                                                                     ; Cyclone V             ; Cyclone V          ;
; Use smart compilation                                                           ; Off                   ; Off                ;
; Enable parallel Assembler and Timing Analyzer during compilation                ; On                    ; On                 ;
; Enable compact report table                                                     ; Off                   ; Off                ;
; Restructure Multiplexers                                                        ; Auto                  ; Auto               ;
; MLAB Add Timing Constraints For Mixed-Port Feed-Through Mode Setting Don't Care ; Off                   ; Off                ;
; Create Debugging Nodes for IP Cores                                             ; Off                   ; Off                ;
; Preserve fewer node names                                                       ; On                    ; On                 ;
; Intel FPGA IP Evaluation Mode                                                   ; Enable                ; Enable             ;
; Verilog Version                                                                 ; Verilog_2001          ; Verilog_2001       ;
; VHDL Version                                                                    ; VHDL_1993             ; VHDL_1993          ;
; State Machine Processing                                                        ; Auto                  ; Auto               ;
; Safe State Machine                                                              ; Off                   ; Off                ;
; Extract Verilog State Machines                                                  ; On                    ; On                 ;
; Extract VHDL State Machines                                                     ; On                    ; On                 ;
; Ignore Verilog initial constructs                                               ; Off                   ; Off                ;
; Iteration limit for constant Verilog loops                                      ; 5000                  ; 5000               ;
; Iteration limit for non-constant Verilog loops                                  ; 250                   ; 250                ;
; Add Pass-Through Logic to Inferred RAMs                                         ; On                    ; On                 ;
; Infer RAMs from Raw Logic                                                       ; On                    ; On                 ;
; Parallel Synthesis                                                              ; On                    ; On                 ;
; DSP Block Balancing                                                             ; Auto                  ; Auto               ;
; NOT Gate Push-Back                                                              ; On                    ; On                 ;
; Power-Up Don't Care                                                             ; On                    ; On                 ;
; Remove Redundant Logic Cells                                                    ; Off                   ; Off                ;
; Remove Duplicate Registers                                                      ; On                    ; On                 ;
; Ignore CARRY Buffers                                                            ; Off                   ; Off                ;
; Ignore CASCADE Buffers                                                          ; Off                   ; Off                ;
; Ignore GLOBAL Buffers                                                           ; Off                   ; Off                ;
; Ignore ROW GLOBAL Buffers                                                       ; Off                   ; Off                ;
; Ignore LCELL Buffers                                                            ; Off                   ; Off                ;
; Ignore SOFT Buffers                                                             ; On                    ; On                 ;
; Limit AHDL Integers to 32 Bits                                                  ; Off                   ; Off                ;
; Optimization Technique                                                          ; Balanced              ; Balanced           ;
; Carry Chain Length                                                              ; 70                    ; 70                 ;
; Auto Carry Chains                                                               ; On                    ; On                 ;
; Auto Open-Drain Pins                                                            ; On                    ; On                 ;
; Perform WYSIWYG Primitive Resynthesis                                           ; Off                   ; Off                ;
; Auto ROM Replacement                                                            ; On                    ; On                 ;
; Auto RAM Replacement                                                            ; On                    ; On                 ;
; Auto DSP Block Replacement                                                      ; On                    ; On                 ;
; Auto Shift Register Replacement                                                 ; Auto                  ; Auto               ;
; Allow Shift Register Merging across Hierarchies                                 ; Auto                  ; Auto               ;
; Auto Clock Enable Replacement                                                   ; On                    ; On                 ;
; Strict RAM Replacement                                                          ; Off                   ; Off                ;
; Allow Synchronous Control Signals                                               ; On                    ; On                 ;
; Force Use of Synchronous Clear Signals                                          ; Off                   ; Off                ;
; Auto Resource Sharing                                                           ; Off                   ; Off                ;
; Allow Any RAM Size For Recognition                                              ; Off                   ; Off                ;
; Allow Any ROM Size For Recognition                                              ; Off                   ; Off                ;
; Allow Any Shift Register Size For Recognition                                   ; Off                   ; Off                ;
; Use LogicLock Constraints during Resource Balancing                             ; On                    ; On                 ;
; Ignore translate_off and synthesis_off directives                               ; Off                   ; Off                ;
; Timing-Driven Synthesis                                                         ; On                    ; On                 ;
; Report Parameter Settings                                                       ; On                    ; On                 ;
; Report Source Assignments                                                       ; On                    ; On                 ;
; Report Connectivity Checks                                                      ; On                    ; On                 ;
; Ignore Maximum Fan-Out Assignments                                              ; Off                   ; Off                ;
; Synchronization Register Chain Length                                           ; 3                     ; 3                  ;
; Power Optimization During Synthesis                                             ; Normal compilation    ; Normal compilation ;
; HDL message level                                                               ; Level2                ; Level2             ;
; Suppress Register Optimization Related Messages                                 ; Off                   ; Off                ;
; Number of Removed Registers Reported in Synthesis Report                        ; 5000                  ; 5000               ;
; Number of Swept Nodes Reported in Synthesis Report                              ; 5000                  ; 5000               ;
; Number of Inverted Registers Reported in Synthesis Report                       ; 100                   ; 100                ;
; Clock MUX Protection                                                            ; On                    ; On                 ;
; Auto Gated Clock Conversion                                                     ; Off                   ; Off                ;
; Block Design Naming                                                             ; Auto                  ; Auto               ;
; SDC constraint protection                                                       ; Off                   ; Off                ;
; Synthesis Effort                                                                ; Auto                  ; Auto               ;
; Shift Register Replacement - Allow Asynchronous Clear Signal                    ; On                    ; On                 ;
; Pre-Mapping Resynthesis Optimization                                            ; Off                   ; Off                ;
; Analysis & Synthesis Message Level                                              ; Medium                ; Medium             ;
; Disable Register Merging Across Hierarchies                                     ; Auto                  ; Auto               ;
; Resource Aware Inference For Block RAM                                          ; On                    ; On                 ;
; Automatic Parallel Synthesis                                                    ; On                    ; On                 ;
; Partial Reconfiguration Bitstream ID                                            ; Off                   ; Off                ;
+---------------------------------------------------------------------------------+-----------------------+--------------------+


+------------------------------------------+
; Parallel Compilation                     ;
+----------------------------+-------------+
; Processors                 ; Number      ;
+----------------------------+-------------+
; Number detected on machine ; 16          ;
; Maximum allowed            ; 16          ;
;                            ;             ;
; Average used               ; 1.03        ;
; Maximum used               ; 16          ;
;                            ;             ;
; Usage by Processor         ; % Time Used ;
;     Processor 1            ; 100.0%      ;
;     Processor 2            ;   0.2%      ;
;     Processor 3            ;   0.2%      ;
;     Processor 4            ;   0.2%      ;
;     Processor 5            ;   0.2%      ;
;     Processor 6            ;   0.2%      ;
;     Processor 7            ;   0.2%      ;
;     Processor 8            ;   0.2%      ;
;     Processors 9-16        ;   0.2%      ;
+----------------------------+-------------+


+-------------------------------------------------------------------------------------------------------------------------------------------------------------------------------------------+
; Analysis & Synthesis Source Files Read                                                                                                                                                    ;
+----------------------------------+-----------------+------------------------------+---------------------------------------------------------------------------------------------+---------+
; File Name with User-Entered Path ; Used in Netlist ; File Type                    ; File Name with Absolute Path                                                                ; Library ;
+----------------------------------+-----------------+------------------------------+---------------------------------------------------------------------------------------------+---------+
; ../systolicArray.sv              ; yes             ; User SystemVerilog HDL File  ; C:/Users/Umair/OneDrive/Desktop/Work/Self_Projects/NN Acceleration/systolicArray.sv         ;         ;
; ../multiplierBlock.sv            ; yes             ; User SystemVerilog HDL File  ; C:/Users/Umair/OneDrive/Desktop/Work/Self_Projects/NN Acceleration/multiplierBlock.sv       ;         ;
; ../matrixMultiplierSmall.sv      ; yes             ; User SystemVerilog HDL File  ; C:/Users/Umair/OneDrive/Desktop/Work/Self_Projects/NN Acceleration/matrixMultiplierSmall.sv ;         ;
; ../dataOrchestrator.sv           ; yes             ; User SystemVerilog HDL File  ; C:/Users/Umair/OneDrive/Desktop/Work/Self_Projects/NN Acceleration/dataOrchestrator.sv      ;         ;
+----------------------------------+-----------------+------------------------------+---------------------------------------------------------------------------------------------+---------+


+---------------------------------------------------------+
; Analysis & Synthesis Resource Usage Summary             ;
+---------------------------------------------+-----------+
; Resource                                    ; Usage     ;
+---------------------------------------------+-----------+
; Estimate of Logic utilization (ALMs needed) ; 202       ;
;                                             ;           ;
; Combinational ALUT usage for logic          ; 46        ;
;     -- 7 input functions                    ; 0         ;
;     -- 6 input functions                    ; 0         ;
;     -- 5 input functions                    ; 39        ;
;     -- 4 input functions                    ; 1         ;
;     -- <=3 input functions                  ; 6         ;
;                                             ;           ;
; Dedicated logic registers                   ; 400       ;
;                                             ;           ;
; I/O pins                                    ; 218       ;
;                                             ;           ;
; Total DSP Blocks                            ; 9         ;
;                                             ;           ;
; Maximum fan-out node                        ; clk~input ;
; Maximum fan-out                             ; 400       ;
; Total fan-out                               ; 2172      ;
; Average fan-out                             ; 2.44      ;
+---------------------------------------------+-----------+


+--------------------------------------------------------------------------------------------------------------------------------------------------------------------------------------------------------------------------------------------------------------------------------------------------+
; Analysis & Synthesis Resource Utilization by Entity                                                                                                                                                                                                                                              ;
+----------------------------------------------------+---------------------+---------------------------+-------------------+------------+------+--------------+---------------------------------------------------------------------------------------------+-----------------------+--------------+
; Compilation Hierarchy Node                         ; Combinational ALUTs ; Dedicated Logic Registers ; Block Memory Bits ; DSP Blocks ; Pins ; Virtual Pins ; Full Hierarchy Name                                                                         ; Entity Name           ; Library Name ;
+----------------------------------------------------+---------------------+---------------------------+-------------------+------------+------+--------------+---------------------------------------------------------------------------------------------+-----------------------+--------------+
; |matrixMultiplierSmall                             ; 46 (0)              ; 400 (0)                   ; 0                 ; 9          ; 218  ; 0            ; |matrixMultiplierSmall                                                                      ; matrixMultiplierSmall ; work         ;
;    |dataOrchestrator:dataOrch|                     ; 46 (46)             ; 40 (40)                   ; 0                 ; 0          ; 0    ; 0            ; |matrixMultiplierSmall|dataOrchestrator:dataOrch                                            ; dataOrchestrator      ; work         ;
;    |systolicArray:systolicArr|                     ; 0 (0)               ; 360 (0)                   ; 0                 ; 9          ; 0    ; 0            ; |matrixMultiplierSmall|systolicArray:systolicArr                                            ; systolicArray         ; work         ;
;       |multiplierBlock:row_loop[0].col_loop[0].mb| ; 0 (0)               ; 44 (44)                   ; 0                 ; 1          ; 0    ; 0            ; |matrixMultiplierSmall|systolicArray:systolicArr|multiplierBlock:row_loop[0].col_loop[0].mb ; multiplierBlock       ; work         ;
;       |multiplierBlock:row_loop[0].col_loop[1].mb| ; 0 (0)               ; 44 (44)                   ; 0                 ; 1          ; 0    ; 0            ; |matrixMultiplierSmall|systolicArray:systolicArr|multiplierBlock:row_loop[0].col_loop[1].mb ; multiplierBlock       ; work         ;
;       |multiplierBlock:row_loop[0].col_loop[2].mb| ; 0 (0)               ; 38 (38)                   ; 0                 ; 1          ; 0    ; 0            ; |matrixMultiplierSmall|systolicArray:systolicArr|multiplierBlock:row_loop[0].col_loop[2].mb ; multiplierBlock       ; work         ;
;       |multiplierBlock:row_loop[1].col_loop[0].mb| ; 0 (0)               ; 44 (44)                   ; 0                 ; 1          ; 0    ; 0            ; |matrixMultiplierSmall|systolicArray:systolicArr|multiplierBlock:row_loop[1].col_loop[0].mb ; multiplierBlock       ; work         ;
;       |multiplierBlock:row_loop[1].col_loop[1].mb| ; 0 (0)               ; 44 (44)                   ; 0                 ; 1          ; 0    ; 0            ; |matrixMultiplierSmall|systolicArray:systolicArr|multiplierBlock:row_loop[1].col_loop[1].mb ; multiplierBlock       ; work         ;
;       |multiplierBlock:row_loop[1].col_loop[2].mb| ; 0 (0)               ; 38 (38)                   ; 0                 ; 1          ; 0    ; 0            ; |matrixMultiplierSmall|systolicArray:systolicArr|multiplierBlock:row_loop[1].col_loop[2].mb ; multiplierBlock       ; work         ;
;       |multiplierBlock:row_loop[2].col_loop[0].mb| ; 0 (0)               ; 38 (38)                   ; 0                 ; 1          ; 0    ; 0            ; |matrixMultiplierSmall|systolicArray:systolicArr|multiplierBlock:row_loop[2].col_loop[0].mb ; multiplierBlock       ; work         ;
;       |multiplierBlock:row_loop[2].col_loop[1].mb| ; 0 (0)               ; 38 (38)                   ; 0                 ; 1          ; 0    ; 0            ; |matrixMultiplierSmall|systolicArray:systolicArr|multiplierBlock:row_loop[2].col_loop[1].mb ; multiplierBlock       ; work         ;
;       |multiplierBlock:row_loop[2].col_loop[2].mb| ; 0 (0)               ; 32 (32)                   ; 0                 ; 1          ; 0    ; 0            ; |matrixMultiplierSmall|systolicArray:systolicArr|multiplierBlock:row_loop[2].col_loop[2].mb ; multiplierBlock       ; work         ;
+----------------------------------------------------+---------------------+---------------------------+-------------------+------------+------+--------------+---------------------------------------------------------------------------------------------+-----------------------+--------------+
Note: For table entries with two numbers listed, the numbers in parentheses indicate the number of resources of the given type used by the specific entity alone. The numbers listed outside of parentheses indicate the total resources of the given type used by the specific entity and all of its sub-entities in the hierarchy.


+-----------------------------------------------+
; Analysis & Synthesis DSP Block Usage Summary  ;
+---------------------------------+-------------+
; Statistic                       ; Number Used ;
+---------------------------------+-------------+
; Independent 18x18 plus 36       ; 9           ;
; Total number of DSP blocks      ; 9           ;
;                                 ;             ;
; Fixed Point Unsigned Multiplier ; 9           ;
+---------------------------------+-------------+


+------------------------------------------------------+
; General Register Statistics                          ;
+----------------------------------------------+-------+
; Statistic                                    ; Value ;
+----------------------------------------------+-------+
; Total registers                              ; 400   ;
; Number of registers using Synchronous Clear  ; 400   ;
; Number of registers using Synchronous Load   ; 0     ;
; Number of registers using Asynchronous Clear ; 0     ;
; Number of registers using Asynchronous Load  ; 0     ;
; Number of registers using Clock Enable       ; 36    ;
; Number of registers using Preset             ; 0     ;
+----------------------------------------------+-------+


+--------------------------------------------------------------------------------------------------------------------------------------------------------------------------+
; Multiplexer Restructuring Statistics (Restructuring Performed)                                                                                                           ;
+--------------------+-----------+---------------+----------------------+------------------------+------------+------------------------------------------------------------+
; Multiplexer Inputs ; Bus Width ; Baseline Area ; Area if Restructured ; Saving if Restructured ; Registered ; Example Multiplexer Output                                 ;
+--------------------+-----------+---------------+----------------------+------------------------+------------+------------------------------------------------------------+
; 6:1                ; 12 bits   ; 48 LEs        ; 24 LEs               ; 24 LEs                 ; Yes        ; |matrixMultiplierSmall|dataOrchestrator:dataOrch|col[0][5] ;
; 6:1                ; 12 bits   ; 48 LEs        ; 24 LEs               ; 24 LEs                 ; Yes        ; |matrixMultiplierSmall|dataOrchestrator:dataOrch|row[2][2] ;
; 6:1                ; 12 bits   ; 48 LEs        ; 24 LEs               ; 24 LEs                 ; Yes        ; |matrixMultiplierSmall|dataOrchestrator:dataOrch|row[1][0] ;
+--------------------+-----------+---------------+----------------------+------------------------+------------+------------------------------------------------------------+


+---------------------------------------------------------------------------------------+
; Parameter Settings for User Entity Instance: Top-level Entity: |matrixMultiplierSmall ;
+----------------+-------+--------------------------------------------------------------+
; Parameter Name ; Value ; Type                                                         ;
+----------------+-------+--------------------------------------------------------------+
; WIDTH          ; 6     ; Signed Integer                                               ;
; N              ; 3     ; Signed Integer                                               ;
+----------------+-------+--------------------------------------------------------------+
Note: In order to hide this table in the UI and the text report file, please set the "Show Parameter Settings in Synthesis Report" option in "Analysis and Synthesis Settings -> More Settings" to "Off".


+------------------------------------------------------------------------+
; Parameter Settings for User Entity Instance: dataOrchestrator:dataOrch ;
+----------------+-------+-----------------------------------------------+
; Parameter Name ; Value ; Type                                          ;
+----------------+-------+-----------------------------------------------+
; WIDTH          ; 6     ; Signed Integer                                ;
; N              ; 3     ; Signed Integer                                ;
+----------------+-------+-----------------------------------------------+
Note: In order to hide this table in the UI and the text report file, please set the "Show Parameter Settings in Synthesis Report" option in "Analysis and Synthesis Settings -> More Settings" to "Off".


+------------------------------------------------------------------------+
; Parameter Settings for User Entity Instance: systolicArray:systolicArr ;
+----------------+-------+-----------------------------------------------+
; Parameter Name ; Value ; Type                                          ;
+----------------+-------+-----------------------------------------------+
; WIDTH          ; 6     ; Signed Integer                                ;
; N              ; 3     ; Signed Integer                                ;
+----------------+-------+-----------------------------------------------+
Note: In order to hide this table in the UI and the text report file, please set the "Show Parameter Settings in Synthesis Report" option in "Analysis and Synthesis Settings -> More Settings" to "Off".


+-------------------------------------------------------------------------------------------------------------------+
; Parameter Settings for User Entity Instance: systolicArray:systolicArr|multiplierBlock:row_loop[0].col_loop[0].mb ;
+----------------+-------+------------------------------------------------------------------------------------------+
; Parameter Name ; Value ; Type                                                                                     ;
+----------------+-------+------------------------------------------------------------------------------------------+
; WIDTH          ; 16    ; Signed Integer                                                                           ;
+----------------+-------+------------------------------------------------------------------------------------------+
Note: In order to hide this table in the UI and the text report file, please set the "Show Parameter Settings in Synthesis Report" option in "Analysis and Synthesis Settings -> More Settings" to "Off".


+-------------------------------------------------------------------------------------------------------------------+
; Parameter Settings for User Entity Instance: systolicArray:systolicArr|multiplierBlock:row_loop[0].col_loop[1].mb ;
+----------------+-------+------------------------------------------------------------------------------------------+
; Parameter Name ; Value ; Type                                                                                     ;
+----------------+-------+------------------------------------------------------------------------------------------+
; WIDTH          ; 16    ; Signed Integer                                                                           ;
+----------------+-------+------------------------------------------------------------------------------------------+
Note: In order to hide this table in the UI and the text report file, please set the "Show Parameter Settings in Synthesis Report" option in "Analysis and Synthesis Settings -> More Settings" to "Off".


+-------------------------------------------------------------------------------------------------------------------+
; Parameter Settings for User Entity Instance: systolicArray:systolicArr|multiplierBlock:row_loop[0].col_loop[2].mb ;
+----------------+-------+------------------------------------------------------------------------------------------+
; Parameter Name ; Value ; Type                                                                                     ;
+----------------+-------+------------------------------------------------------------------------------------------+
; WIDTH          ; 16    ; Signed Integer                                                                           ;
+----------------+-------+------------------------------------------------------------------------------------------+
Note: In order to hide this table in the UI and the text report file, please set the "Show Parameter Settings in Synthesis Report" option in "Analysis and Synthesis Settings -> More Settings" to "Off".


+-------------------------------------------------------------------------------------------------------------------+
; Parameter Settings for User Entity Instance: systolicArray:systolicArr|multiplierBlock:row_loop[1].col_loop[0].mb ;
+----------------+-------+------------------------------------------------------------------------------------------+
; Parameter Name ; Value ; Type                                                                                     ;
+----------------+-------+------------------------------------------------------------------------------------------+
; WIDTH          ; 16    ; Signed Integer                                                                           ;
+----------------+-------+------------------------------------------------------------------------------------------+
Note: In order to hide this table in the UI and the text report file, please set the "Show Parameter Settings in Synthesis Report" option in "Analysis and Synthesis Settings -> More Settings" to "Off".


+-------------------------------------------------------------------------------------------------------------------+
; Parameter Settings for User Entity Instance: systolicArray:systolicArr|multiplierBlock:row_loop[1].col_loop[1].mb ;
+----------------+-------+------------------------------------------------------------------------------------------+
; Parameter Name ; Value ; Type                                                                                     ;
+----------------+-------+------------------------------------------------------------------------------------------+
; WIDTH          ; 16    ; Signed Integer                                                                           ;
+----------------+-------+------------------------------------------------------------------------------------------+
Note: In order to hide this table in the UI and the text report file, please set the "Show Parameter Settings in Synthesis Report" option in "Analysis and Synthesis Settings -> More Settings" to "Off".


+-------------------------------------------------------------------------------------------------------------------+
; Parameter Settings for User Entity Instance: systolicArray:systolicArr|multiplierBlock:row_loop[1].col_loop[2].mb ;
+----------------+-------+------------------------------------------------------------------------------------------+
; Parameter Name ; Value ; Type                                                                                     ;
+----------------+-------+------------------------------------------------------------------------------------------+
; WIDTH          ; 16    ; Signed Integer                                                                           ;
+----------------+-------+------------------------------------------------------------------------------------------+
Note: In order to hide this table in the UI and the text report file, please set the "Show Parameter Settings in Synthesis Report" option in "Analysis and Synthesis Settings -> More Settings" to "Off".


+-------------------------------------------------------------------------------------------------------------------+
; Parameter Settings for User Entity Instance: systolicArray:systolicArr|multiplierBlock:row_loop[2].col_loop[0].mb ;
+----------------+-------+------------------------------------------------------------------------------------------+
; Parameter Name ; Value ; Type                                                                                     ;
+----------------+-------+------------------------------------------------------------------------------------------+
; WIDTH          ; 16    ; Signed Integer                                                                           ;
+----------------+-------+------------------------------------------------------------------------------------------+
Note: In order to hide this table in the UI and the text report file, please set the "Show Parameter Settings in Synthesis Report" option in "Analysis and Synthesis Settings -> More Settings" to "Off".


+-------------------------------------------------------------------------------------------------------------------+
; Parameter Settings for User Entity Instance: systolicArray:systolicArr|multiplierBlock:row_loop[2].col_loop[1].mb ;
+----------------+-------+------------------------------------------------------------------------------------------+
; Parameter Name ; Value ; Type                                                                                     ;
+----------------+-------+------------------------------------------------------------------------------------------+
; WIDTH          ; 16    ; Signed Integer                                                                           ;
+----------------+-------+------------------------------------------------------------------------------------------+
Note: In order to hide this table in the UI and the text report file, please set the "Show Parameter Settings in Synthesis Report" option in "Analysis and Synthesis Settings -> More Settings" to "Off".


+-------------------------------------------------------------------------------------------------------------------+
; Parameter Settings for User Entity Instance: systolicArray:systolicArr|multiplierBlock:row_loop[2].col_loop[2].mb ;
+----------------+-------+------------------------------------------------------------------------------------------+
; Parameter Name ; Value ; Type                                                                                     ;
+----------------+-------+------------------------------------------------------------------------------------------+
; WIDTH          ; 16    ; Signed Integer                                                                           ;
+----------------+-------+------------------------------------------------------------------------------------------+
Note: In order to hide this table in the UI and the text report file, please set the "Show Parameter Settings in Synthesis Report" option in "Analysis and Synthesis Settings -> More Settings" to "Off".


+------------------------------------------------------------------------------------------------------------------------------------------------------------------------------+
; Port Connectivity Checks: "systolicArray:systolicArr|multiplierBlock:row_loop[2].col_loop[2].mb"                                                                             ;
+------------+--------+----------+---------------------------------------------------------------------------------------------------------------------------------------------+
; Port       ; Type   ; Severity ; Details                                                                                                                                     ;
+------------+--------+----------+---------------------------------------------------------------------------------------------------------------------------------------------+
; a          ; Input  ; Warning  ; Input port expression (6 bits) is smaller than the input port (16 bits) it drives.  Extra input bit(s) "a[15..6]" will be connected to GND. ;
; b          ; Input  ; Warning  ; Input port expression (6 bits) is smaller than the input port (16 bits) it drives.  Extra input bit(s) "b[15..6]" will be connected to GND. ;
; aOut       ; Output ; Warning  ; Output or bidir port (16 bits) is wider than the port expression (6 bits) it drives; bit(s) "aOut[15..6]" have no fanouts                   ;
; aOut       ; Output ; Info     ; Connected to dangling logic. Logic that only feeds a dangling port will be removed.                                                         ;
; bOut       ; Output ; Warning  ; Output or bidir port (16 bits) is wider than the port expression (6 bits) it drives; bit(s) "bOut[15..6]" have no fanouts                   ;
; bOut       ; Output ; Info     ; Connected to dangling logic. Logic that only feeds a dangling port will be removed.                                                         ;
; partialSum ; Output ; Warning  ; Output or bidir port (32 bits) is wider than the port expression (12 bits) it drives; bit(s) "partialSum[31..12]" have no fanouts           ;
+------------+--------+----------+---------------------------------------------------------------------------------------------------------------------------------------------+


+------------------------------------------------------------------------------------------------------------------------------------------------------------------------------+
; Port Connectivity Checks: "systolicArray:systolicArr|multiplierBlock:row_loop[2].col_loop[1].mb"                                                                             ;
+------------+--------+----------+---------------------------------------------------------------------------------------------------------------------------------------------+
; Port       ; Type   ; Severity ; Details                                                                                                                                     ;
+------------+--------+----------+---------------------------------------------------------------------------------------------------------------------------------------------+
; a          ; Input  ; Warning  ; Input port expression (6 bits) is smaller than the input port (16 bits) it drives.  Extra input bit(s) "a[15..6]" will be connected to GND. ;
; b          ; Input  ; Warning  ; Input port expression (6 bits) is smaller than the input port (16 bits) it drives.  Extra input bit(s) "b[15..6]" will be connected to GND. ;
; aOut       ; Output ; Warning  ; Output or bidir port (16 bits) is wider than the port expression (6 bits) it drives; bit(s) "aOut[15..6]" have no fanouts                   ;
; bOut       ; Output ; Warning  ; Output or bidir port (16 bits) is wider than the port expression (6 bits) it drives; bit(s) "bOut[15..6]" have no fanouts                   ;
; bOut       ; Output ; Info     ; Connected to dangling logic. Logic that only feeds a dangling port will be removed.                                                         ;
; partialSum ; Output ; Warning  ; Output or bidir port (32 bits) is wider than the port expression (12 bits) it drives; bit(s) "partialSum[31..12]" have no fanouts           ;
+------------+--------+----------+---------------------------------------------------------------------------------------------------------------------------------------------+


+------------------------------------------------------------------------------------------------------------------------------------------------------------------------------+
; Port Connectivity Checks: "systolicArray:systolicArr|multiplierBlock:row_loop[2].col_loop[0].mb"                                                                             ;
+------------+--------+----------+---------------------------------------------------------------------------------------------------------------------------------------------+
; Port       ; Type   ; Severity ; Details                                                                                                                                     ;
+------------+--------+----------+---------------------------------------------------------------------------------------------------------------------------------------------+
; a          ; Input  ; Warning  ; Input port expression (6 bits) is smaller than the input port (16 bits) it drives.  Extra input bit(s) "a[15..6]" will be connected to GND. ;
; b          ; Input  ; Warning  ; Input port expression (6 bits) is smaller than the input port (16 bits) it drives.  Extra input bit(s) "b[15..6]" will be connected to GND. ;
; aOut       ; Output ; Warning  ; Output or bidir port (16 bits) is wider than the port expression (6 bits) it drives; bit(s) "aOut[15..6]" have no fanouts                   ;
; bOut       ; Output ; Warning  ; Output or bidir port (16 bits) is wider than the port expression (6 bits) it drives; bit(s) "bOut[15..6]" have no fanouts                   ;
; bOut       ; Output ; Info     ; Connected to dangling logic. Logic that only feeds a dangling port will be removed.                                                         ;
; partialSum ; Output ; Warning  ; Output or bidir port (32 bits) is wider than the port expression (12 bits) it drives; bit(s) "partialSum[31..12]" have no fanouts           ;
+------------+--------+----------+---------------------------------------------------------------------------------------------------------------------------------------------+


+------------------------------------------------------------------------------------------------------------------------------------------------------------------------------+
; Port Connectivity Checks: "systolicArray:systolicArr|multiplierBlock:row_loop[1].col_loop[2].mb"                                                                             ;
+------------+--------+----------+---------------------------------------------------------------------------------------------------------------------------------------------+
; Port       ; Type   ; Severity ; Details                                                                                                                                     ;
+------------+--------+----------+---------------------------------------------------------------------------------------------------------------------------------------------+
; a          ; Input  ; Warning  ; Input port expression (6 bits) is smaller than the input port (16 bits) it drives.  Extra input bit(s) "a[15..6]" will be connected to GND. ;
; b          ; Input  ; Warning  ; Input port expression (6 bits) is smaller than the input port (16 bits) it drives.  Extra input bit(s) "b[15..6]" will be connected to GND. ;
; aOut       ; Output ; Warning  ; Output or bidir port (16 bits) is wider than the port expression (6 bits) it drives; bit(s) "aOut[15..6]" have no fanouts                   ;
; aOut       ; Output ; Info     ; Connected to dangling logic. Logic that only feeds a dangling port will be removed.                                                         ;
; bOut       ; Output ; Warning  ; Output or bidir port (16 bits) is wider than the port expression (6 bits) it drives; bit(s) "bOut[15..6]" have no fanouts                   ;
; partialSum ; Output ; Warning  ; Output or bidir port (32 bits) is wider than the port expression (12 bits) it drives; bit(s) "partialSum[31..12]" have no fanouts           ;
+------------+--------+----------+---------------------------------------------------------------------------------------------------------------------------------------------+


+------------------------------------------------------------------------------------------------------------------------------------------------------------------------------+
; Port Connectivity Checks: "systolicArray:systolicArr|multiplierBlock:row_loop[1].col_loop[1].mb"                                                                             ;
+------------+--------+----------+---------------------------------------------------------------------------------------------------------------------------------------------+
; Port       ; Type   ; Severity ; Details                                                                                                                                     ;
+------------+--------+----------+---------------------------------------------------------------------------------------------------------------------------------------------+
; a          ; Input  ; Warning  ; Input port expression (6 bits) is smaller than the input port (16 bits) it drives.  Extra input bit(s) "a[15..6]" will be connected to GND. ;
; b          ; Input  ; Warning  ; Input port expression (6 bits) is smaller than the input port (16 bits) it drives.  Extra input bit(s) "b[15..6]" will be connected to GND. ;
; aOut       ; Output ; Warning  ; Output or bidir port (16 bits) is wider than the port expression (6 bits) it drives; bit(s) "aOut[15..6]" have no fanouts                   ;
; bOut       ; Output ; Warning  ; Output or bidir port (16 bits) is wider than the port expression (6 bits) it drives; bit(s) "bOut[15..6]" have no fanouts                   ;
; partialSum ; Output ; Warning  ; Output or bidir port (32 bits) is wider than the port expression (12 bits) it drives; bit(s) "partialSum[31..12]" have no fanouts           ;
+------------+--------+----------+---------------------------------------------------------------------------------------------------------------------------------------------+


+------------------------------------------------------------------------------------------------------------------------------------------------------------------------------+
; Port Connectivity Checks: "systolicArray:systolicArr|multiplierBlock:row_loop[1].col_loop[0].mb"                                                                             ;
+------------+--------+----------+---------------------------------------------------------------------------------------------------------------------------------------------+
; Port       ; Type   ; Severity ; Details                                                                                                                                     ;
+------------+--------+----------+---------------------------------------------------------------------------------------------------------------------------------------------+
; a          ; Input  ; Warning  ; Input port expression (6 bits) is smaller than the input port (16 bits) it drives.  Extra input bit(s) "a[15..6]" will be connected to GND. ;
; b          ; Input  ; Warning  ; Input port expression (6 bits) is smaller than the input port (16 bits) it drives.  Extra input bit(s) "b[15..6]" will be connected to GND. ;
; aOut       ; Output ; Warning  ; Output or bidir port (16 bits) is wider than the port expression (6 bits) it drives; bit(s) "aOut[15..6]" have no fanouts                   ;
; bOut       ; Output ; Warning  ; Output or bidir port (16 bits) is wider than the port expression (6 bits) it drives; bit(s) "bOut[15..6]" have no fanouts                   ;
; partialSum ; Output ; Warning  ; Output or bidir port (32 bits) is wider than the port expression (12 bits) it drives; bit(s) "partialSum[31..12]" have no fanouts           ;
+------------+--------+----------+---------------------------------------------------------------------------------------------------------------------------------------------+


+------------------------------------------------------------------------------------------------------------------------------------------------------------------------------+
; Port Connectivity Checks: "systolicArray:systolicArr|multiplierBlock:row_loop[0].col_loop[2].mb"                                                                             ;
+------------+--------+----------+---------------------------------------------------------------------------------------------------------------------------------------------+
; Port       ; Type   ; Severity ; Details                                                                                                                                     ;
+------------+--------+----------+---------------------------------------------------------------------------------------------------------------------------------------------+
; a          ; Input  ; Warning  ; Input port expression (6 bits) is smaller than the input port (16 bits) it drives.  Extra input bit(s) "a[15..6]" will be connected to GND. ;
; b          ; Input  ; Warning  ; Input port expression (6 bits) is smaller than the input port (16 bits) it drives.  Extra input bit(s) "b[15..6]" will be connected to GND. ;
; aOut       ; Output ; Warning  ; Output or bidir port (16 bits) is wider than the port expression (6 bits) it drives; bit(s) "aOut[15..6]" have no fanouts                   ;
; aOut       ; Output ; Info     ; Connected to dangling logic. Logic that only feeds a dangling port will be removed.                                                         ;
; bOut       ; Output ; Warning  ; Output or bidir port (16 bits) is wider than the port expression (6 bits) it drives; bit(s) "bOut[15..6]" have no fanouts                   ;
; partialSum ; Output ; Warning  ; Output or bidir port (32 bits) is wider than the port expression (12 bits) it drives; bit(s) "partialSum[31..12]" have no fanouts           ;
+------------+--------+----------+---------------------------------------------------------------------------------------------------------------------------------------------+


+------------------------------------------------------------------------------------------------------------------------------------------------------------------------------+
; Port Connectivity Checks: "systolicArray:systolicArr|multiplierBlock:row_loop[0].col_loop[1].mb"                                                                             ;
+------------+--------+----------+---------------------------------------------------------------------------------------------------------------------------------------------+
; Port       ; Type   ; Severity ; Details                                                                                                                                     ;
+------------+--------+----------+---------------------------------------------------------------------------------------------------------------------------------------------+
; a          ; Input  ; Warning  ; Input port expression (6 bits) is smaller than the input port (16 bits) it drives.  Extra input bit(s) "a[15..6]" will be connected to GND. ;
; b          ; Input  ; Warning  ; Input port expression (6 bits) is smaller than the input port (16 bits) it drives.  Extra input bit(s) "b[15..6]" will be connected to GND. ;
; aOut       ; Output ; Warning  ; Output or bidir port (16 bits) is wider than the port expression (6 bits) it drives; bit(s) "aOut[15..6]" have no fanouts                   ;
; bOut       ; Output ; Warning  ; Output or bidir port (16 bits) is wider than the port expression (6 bits) it drives; bit(s) "bOut[15..6]" have no fanouts                   ;
; partialSum ; Output ; Warning  ; Output or bidir port (32 bits) is wider than the port expression (12 bits) it drives; bit(s) "partialSum[31..12]" have no fanouts           ;
+------------+--------+----------+---------------------------------------------------------------------------------------------------------------------------------------------+


+------------------------------------------------------------------------------------------------------------------------------------------------------------------------------+
; Port Connectivity Checks: "systolicArray:systolicArr|multiplierBlock:row_loop[0].col_loop[0].mb"                                                                             ;
+------------+--------+----------+---------------------------------------------------------------------------------------------------------------------------------------------+
; Port       ; Type   ; Severity ; Details                                                                                                                                     ;
+------------+--------+----------+---------------------------------------------------------------------------------------------------------------------------------------------+
; a          ; Input  ; Warning  ; Input port expression (6 bits) is smaller than the input port (16 bits) it drives.  Extra input bit(s) "a[15..6]" will be connected to GND. ;
; b          ; Input  ; Warning  ; Input port expression (6 bits) is smaller than the input port (16 bits) it drives.  Extra input bit(s) "b[15..6]" will be connected to GND. ;
; aOut       ; Output ; Warning  ; Output or bidir port (16 bits) is wider than the port expression (6 bits) it drives; bit(s) "aOut[15..6]" have no fanouts                   ;
; bOut       ; Output ; Warning  ; Output or bidir port (16 bits) is wider than the port expression (6 bits) it drives; bit(s) "bOut[15..6]" have no fanouts                   ;
; partialSum ; Output ; Warning  ; Output or bidir port (32 bits) is wider than the port expression (12 bits) it drives; bit(s) "partialSum[31..12]" have no fanouts           ;
+------------+--------+----------+---------------------------------------------------------------------------------------------------------------------------------------------+


+-----------------------------------------------------+
; Post-Synthesis Netlist Statistics for Top Partition ;
+-----------------------+-----------------------------+
; Type                  ; Count                       ;
+-----------------------+-----------------------------+
; arriav_ff             ; 400                         ;
;     ENA SCLR          ; 36                          ;
;     SCLR              ; 364                         ;
; arriav_lcell_comb     ; 46                          ;
;     normal            ; 46                          ;
;         1 data inputs ; 1                           ;
;         2 data inputs ; 1                           ;
;         3 data inputs ; 4                           ;
;         4 data inputs ; 1                           ;
;         5 data inputs ; 39                          ;
; arriav_mac            ; 9                           ;
; boundary_port         ; 218                         ;
;                       ;                             ;
; Max LUT depth         ; 1.00                        ;
; Average LUT depth     ; 0.19                        ;
+-----------------------+-----------------------------+


+-------------------------------+
; Elapsed Time Per Partition    ;
+----------------+--------------+
; Partition Name ; Elapsed Time ;
+----------------+--------------+
; Top            ; 00:00:00     ;
+----------------+--------------+


+-------------------------------+
; Analysis & Synthesis Messages ;
+-------------------------------+
Info: *******************************************************************
Info: Running Quartus Prime Analysis & Synthesis
    Info: Version 19.1.0 Build 670 09/22/2019 SJ Lite Edition
    Info: Processing started: Thu Nov 13 05:56:29 2025
Info: Command: quartus_map --read_settings_files=on --write_settings_files=off NN_Acceleration -c NN_Acceleration
Warning (18236): Number of processors has not been specified which may cause overloading on shared machines.  Set the global assignment NUM_PARALLEL_PROCESSORS in your QSF to an appropriate value for best performance.
Info (20030): Parallel compilation is enabled and will use 16 of the 16 processors detected
Info (12021): Found 1 design units, including 1 entities, in source file /users/umair/onedrive/desktop/work/self_projects/nn acceleration/systolicarray.sv
    Info (12023): Found entity 1: systolicArray File: C:/Users/Umair/OneDrive/Desktop/Work/Self_Projects/NN Acceleration/systolicArray.sv Line: 1
Info (12021): Found 1 design units, including 1 entities, in source file /users/umair/onedrive/desktop/work/self_projects/nn acceleration/multiplierblock.sv
    Info (12023): Found entity 1: multiplierBlock File: C:/Users/Umair/OneDrive/Desktop/Work/Self_Projects/NN Acceleration/multiplierBlock.sv Line: 1
Info (12021): Found 1 design units, including 1 entities, in source file /users/umair/onedrive/desktop/work/self_projects/nn acceleration/matrixmultipliersmall.sv
    Info (12023): Found entity 1: matrixMultiplierSmall File: C:/Users/Umair/OneDrive/Desktop/Work/Self_Projects/NN Acceleration/matrixMultiplierSmall.sv Line: 1
Info (12021): Found 1 design units, including 1 entities, in source file /users/umair/onedrive/desktop/work/self_projects/nn acceleration/dataorchestrator.sv
    Info (12023): Found entity 1: dataOrchestrator File: C:/Users/Umair/OneDrive/Desktop/Work/Self_Projects/NN Acceleration/dataOrchestrator.sv Line: 1
Info (12127): Elaborating entity "matrixMultiplierSmall" for the top level hierarchy
Info (10008): Verilog HDL or VHDL information: EDA Netlist Writer cannot regroup multidimensional array "matrixA" into its bus
Info (10008): Verilog HDL or VHDL information: EDA Netlist Writer cannot regroup multidimensional array "matrixB" into its bus
Info (10008): Verilog HDL or VHDL information: EDA Netlist Writer cannot regroup multidimensional array "resultMatrix" into its bus
Info (10008): Verilog HDL or VHDL information: EDA Netlist Writer cannot regroup multidimensional array "matrixA" into its bus
Info (10008): Verilog HDL or VHDL information: EDA Netlist Writer cannot regroup multidimensional array "matrixB" into its bus
Info (10008): Verilog HDL or VHDL information: EDA Netlist Writer cannot regroup multidimensional array "resultMatrix" into its bus
Info (12128): Elaborating entity "dataOrchestrator" for hierarchy "dataOrchestrator:dataOrch" File: C:/Users/Umair/OneDrive/Desktop/Work/Self_Projects/NN Acceleration/matrixMultiplierSmall.sv Line: 26
Warning (10230): Verilog HDL assignment warning at dataOrchestrator.sv(28): truncated value with size 32 to match size of target (4) File: C:/Users/Umair/OneDrive/Desktop/Work/Self_Projects/NN Acceleration/dataOrchestrator.sv Line: 28
Info (10008): Verilog HDL or VHDL information: EDA Netlist Writer cannot regroup multidimensional array "matrixA" into its bus
Info (10008): Verilog HDL or VHDL information: EDA Netlist Writer cannot regroup multidimensional array "matrixB" into its bus
Info (10008): Verilog HDL or VHDL information: EDA Netlist Writer cannot regroup multidimensional array "matrixA" into its bus
Info (10008): Verilog HDL or VHDL information: EDA Netlist Writer cannot regroup multidimensional array "matrixB" into its bus
Info (12128): Elaborating entity "systolicArray" for hierarchy "systolicArray:systolicArr" File: C:/Users/Umair/OneDrive/Desktop/Work/Self_Projects/NN Acceleration/matrixMultiplierSmall.sv Line: 37
Info (10008): Verilog HDL or VHDL information: EDA Netlist Writer cannot regroup multidimensional array "resultMatrix" into its bus
Info (10008): Verilog HDL or VHDL information: EDA Netlist Writer cannot regroup multidimensional array "horizontalData" into its bus
Info (10008): Verilog HDL or VHDL information: EDA Netlist Writer cannot regroup multidimensional array "verticalData" into its bus
Info (10008): Verilog HDL or VHDL information: EDA Netlist Writer cannot regroup multidimensional array "resultMatrix" into its bus
Info (12128): Elaborating entity "multiplierBlock" for hierarchy "systolicArray:systolicArr|multiplierBlock:row_loop[0].col_loop[0].mb" File: C:/Users/Umair/OneDrive/Desktop/Work/Self_Projects/NN Acceleration/systolicArray.sv Line: 37
Warning (12241): 9 hierarchies have connectivity warnings - see the Connectivity Checks report folder
Info (286030): Timing-Driven Synthesis is running
Info (16010): Generating hard_block partition "hard_block:auto_generated_inst"
    Info (16011): Adding 0 node(s), including 0 DDIO, 0 PLL, 0 transceiver and 0 LCELL
Info (21057): Implemented 633 device resources after synthesis - the final resource count might be different
    Info (21058): Implemented 110 input pins
    Info (21059): Implemented 108 output pins
    Info (21061): Implemented 406 logic cells
    Info (21062): Implemented 9 DSP elements
Info: Quartus Prime Analysis & Synthesis was successful. 0 errors, 3 warnings
    Info: Peak virtual memory: 4888 megabytes
    Info: Processing ended: Thu Nov 13 05:56:37 2025
    Info: Elapsed time: 00:00:08
    Info: Total CPU time (on all processors): 00:00:15


