Flow report for NN_Acceleration
Thu Nov 13 05:58:07 2025
Quartus Prime Version 19.1.0 Build 670 09/22/2019 SJ Lite Edition


---------------------
; Table of Contents ;
---------------------
  1. Legal Notice
  2. Flow Summary
  3. Flow Settings
  4. Flow Non-Default Global Settings
  5. Flow Elapsed Time
  6. Flow OS Summary
  7. Flow Log
  8. Flow Messages
  9. Flow Suppressed Messages



----------------
; Legal Notice ;
----------------
Copyright (C) 2019  Intel Corporation. All rights reserved.
Your use of Intel Corporation's design tools, logic functions 
and other software and tools, and any partner logic 
functions, and any output files from any of the foregoing 
(including device programming or simulation files), and any 
associated documentation or information are expressly subject 
to the terms and conditions of the Intel Program License 
Subscription Agreement, the Intel Quartus Prime License Agreement,
the Intel FPGA IP License Agreement, or other applicable license
agreement, including, without limitation, that your use is for
the sole purpose of programming logic devices manufactured by
Intel and sold by Intel or its authorized distributors.  Please
refer to the applicable agreement for further details, at
https://fpgasoftware.intel.com/eula.



+-------------------------------------------------------------------------------+
; Flow Summary                                                                  ;
+---------------------------------+---------------------------------------------+
; Flow Status                     ; Successful - Thu Nov 13 05:58:07 2025       ;
; Quartus Prime Version           ; 19.1.0 Build 670 09/22/2019 SJ Lite Edition ;
; Revision Name                   ; NN_Acceleration                             ;
; Top-level Entity Name           ; matrixMultiplierSmall                       ;
; Family                          ; Cyclone V                                   ;
; Device                          ; 5CGXFC7C7F23C8                              ;
; Timing Models                   ; Final                                       ;
; Logic utilization (in ALMs)     ; 222 / 56,480 ( < 1 % )                      ;
; Total registers                 ; 184                                         ;
; Total pins                      ; 218 / 268 ( 81 % )                          ;
; Total virtual pins              ; 0                                           ;
; Total block memory bits         ; 0 / 7,024,640 ( 0 % )                       ;
; Total DSP Blocks                ; 9 / 156 ( 6 % )                             ;
; Total HSSI RX PCSs              ; 0 / 6 ( 0 % )                               ;
; Total HSSI PMA RX Deserializers ; 0 / 6 ( 0 % )                               ;
; Total HSSI TX PCSs              ; 0 / 6 ( 0 % )                               ;
; Total HSSI PMA TX Serializers   ; 0 / 6 ( 0 % )                               ;
; Total PLLs                      ; 0 / 13 ( 0 % )                              ;
; Total DLLs                      ; 0 / 4 ( 0 % )                               ;
+---------------------------------+---------------------------------------------+


+-----------------------------------------+
; Flow Settings                           ;
+-------------------+---------------------+
; Option            ; Setting             ;
+-------------------+---------------------+
; Start date & time ; 11/13/2025 05:56:30 ;
; Main task         ; Compilation         ;
; Revision Name     ; NN_Acceleration     ;
+-------------------+---------------------+


+------------------------------------------------------------------------------------------------------------------------------------------------------------+
; Flow Non-Default Global Settings                                                                                                                           ;
+-------------------------------------+----------------------------------------+-----------------+-----------------------+-----------------------------------+
; Assignment Name                     ; Value                                  ; Default Value   ; Entity Name           ; Section Id                        ;
+-------------------------------------+----------------------------------------+-----------------+-----------------------+-----------------------------------+
; COMPILER_SIGNATURE_ID               ; 9413561608944.176304218902868          ; --              ; --                    ; --                                ;
; EDA_GENERATE_FUNCTIONAL_NETLIST     ; Off                                    ; --              ; --                    ; eda_board_design_timing           ;
; EDA_GENERATE_FUNCTIONAL_NETLIST     ; Off                                    ; --              ; --                    ; eda_board_design_boundary_scan    ;
; EDA_GENERATE_FUNCTIONAL_NETLIST     ; Off                                    ; --              ; --                    ; eda_board_design_signal_integrity ;
; EDA_GENERATE_FUNCTIONAL_NETLIST     ; Off                                    ; --              ; --                    ; eda_board_design_symbol           ;
; EDA_OUTPUT_DATA_FORMAT              ; Systemverilog Hdl                      ; --              ; --                    ; eda_simulation                    ;
; EDA_SIMULATION_TOOL                 ; ModelSim-Altera (SystemVerilog)        ; <None>          ; --                    ; --                                ;
; EDA_TIME_SCALE                      ; 1 ps                                   ; --              ; --                    ; eda_simulation                    ;
; MAX_CORE_JUNCTION_TEMP              ; 85                                     ; --              ; --                    ; --                                ;
; MIN_CORE_JUNCTION_TEMP              ; 0                                      ; --              ; --                    ; --                                ;
; PARTITION_COLOR                     ; -- (Not supported for targeted family) ; --              ; matrixMultiplierSmall ; Top                               ;
; PARTITION_FITTER_PRESERVATION_LEVEL ; -- (Not supported for targeted family) ; --              ; matrixMultiplierSmall ; Top                               ;
; PARTITION_NETLIST_TYPE              ; -- (Not supported for targeted family) ; --              ; matrixMultiplierSmall ; Top                               ;
; POWER_BOARD_THERMAL_MODEL           ; None (CONSERVATIVE)                    ; --              ; --                    ; --                                ;
; POWER_PRESET_COOLING_SOLUTION       ; 23 MM HEAT SINK WITH 200 LFPM AIRFLOW  ; --              ; --                    ; --                                ;
; PROJECT_OUTPUT_DIRECTORY            ; output_files                           ; --              ; --                    ; --                                ;
; TOP_LEVEL_ENTITY                    ; matrixMultiplierSmall                  ; NN_Acceleration ; --                    ; --                                ;
+-------------------------------------+----------------------------------------+-----------------+-----------------------+-----------------------------------+


+--------------------------------------------------------------------------------------------------------------------------+
; Flow Elapsed Time                                                                                                        ;
+----------------------+--------------+-------------------------+---------------------+------------------------------------+
; Module Name          ; Elapsed Time ; Average Processors Used ; Peak Virtual Memory ; Total CPU Time (on all processors) ;
+----------------------+--------------+-------------------------+---------------------+------------------------------------+
; Analysis & Synthesis ; 00:00:08     ; 1.0                     ; 4888 MB             ; 00:00:15                           ;
; Fitter               ; 00:01:10     ; 1.1                     ; 8052 MB             ; 00:06:23                           ;
; Assembler            ; 00:00:06     ; 1.0                     ; 4849 MB             ; 00:00:06                           ;
; Timing Analyzer      ; 00:00:06     ; 1.6                     ; 5361 MB             ; 00:00:08                           ;
; EDA Netlist Writer   ; 00:00:01     ; 1.0                     ; 4743 MB             ; 00:00:01                           ;
; Total                ; 00:01:31     ; --                      ; --                  ; 00:06:53                           ;
+----------------------+--------------+-------------------------+---------------------+------------------------------------+


+------------------------------------------------------------------------------------+
; Flow OS Summary                                                                    ;
+----------------------+------------------+------------+------------+----------------+
; Module Name          ; Machine Hostname ; OS Name    ; OS Version ; Processor type ;
+----------------------+------------------+------------+------------+----------------+
; Analysis & Synthesis ; Hoomans_Laptop   ; Windows 10 ; 10.0       ; x86_64         ;
; Fitter               ; Hoomans_Laptop   ; Windows 10 ; 10.0       ; x86_64         ;
; Assembler            ; Hoomans_Laptop   ; Windows 10 ; 10.0       ; x86_64         ;
; Timing Analyzer      ; Hoomans_Laptop   ; Windows 10 ; 10.0       ; x86_64         ;
; EDA Netlist Writer   ; Hoomans_Laptop   ; Windows 10 ; 10.0       ; x86_64         ;
+----------------------+------------------+------------+------------+----------------+


------------
; Flow Log ;
------------
quartus_map --read_settings_files=on --write_settings_files=off NN_Acceleration -c NN_Acceleration
quartus_fit --read_settings_files=off --write_settings_files=off NN_Acceleration -c NN_Acceleration
quartus_asm --read_settings_files=off --write_settings_files=off NN_Acceleration -c NN_Acceleration
quartus_sta NN_Acceleration -c NN_Acceleration
quartus_eda --read_settings_files=off --write_settings_files=off NN_Acceleration -c NN_Acceleration



